
-- remTest --
2.0  /  3.0=3fe5555555555555
2.0  %  3.0=4000000000000000
2.0 rem 3.0=bff0000000000000

2.0  /  -3.0=bfe5555555555555
2.0  %  -3.0=4000000000000000
2.0 rem -3.0=bff0000000000000

-2.0  /  3.0=bfe5555555555555
-2.0  %  3.0=c000000000000000
-2.0 rem 3.0=3ff0000000000000

-2.0  /  -3.0=3fe5555555555555
-2.0  %  -3.0=c000000000000000
-2.0 rem -3.0=3ff0000000000000

